// Jest Snapshot v1, https://goo.gl/fbAQLP

exports[`#iterateIamPoliciesForProjectAndResources should collect data when a projectId 1`] = `[Function]`;
